// Jest Snapshot v1, https://goo.gl/fbAQLP

exports[`manager > actions > projects > should set a new feed source sort order 1`] = `
Object {
  "active": null,
  "all": Array [],
  "filter": Object {
    "feedSourceTableComparisonColumn": null,
    "feedSourceTableFilterCountStrategy": "LATEST",
    "filter": null,
    "searchText": null,
  },
  "isFetching": false,
  "sort": "alphabetically-desc",
}
`;
